// Jest Snapshot v1, https://goo.gl/fbAQLP

exports[`render Tag widget 1`] = `
<DocumentFragment>
  <div
    class="card my-4"
  >
    <h5
      class="card-header"
    >
      Tags
    </h5>
    <div
      class="card-body"
    >
      <a
        href="/tag/wagtail"
      >
        <span
          class="badge badge-secondary"
        >
          Wagtail
        </span>
         
      </a>
      <a
        href="/tag/django"
      >
        <span
          class="badge badge-secondary"
        >
          Django
        </span>
         
      </a>
      <a
        href="/tag/react"
      >
        <span
          class="badge badge-secondary"
        >
          React
        </span>
         
      </a>
    </div>
  </div>
</DocumentFragment>
`;
